<html>
<body>
<pre>
<h1>µVision3 Build Log</h1>
<h2>Project:</h2>
E:\Blood\bloodsediment\bloodsediment.uv2
Project File Date:  09/29/2014

<h2>Output:</h2>
Build target 'Target 1'
assembling STM32F10x.s...
compiling main.c...
compiling delay.c...
compiling key.c...
compiling led.c...
compiling sys.c...
compiling comm.c...
compiling printer.c...
compiling reader.c...
compiling storage.c...
compiling rtc.c...
compiling channel.c...
compiling motor.c...
compiling console.c...
linking...
Program Size: Code=7140 RO-data=388 RW-data=40 ZI-data=992  
FromELF: creating hex file...
"bloodsediment.axf" - 0 Error(s), 0 Warning(s).
Build target 'Target 1'
assembling STM32F10x.s...
compiling main.c...
compiling delay.c...
compiling key.c...
compiling led.c...
compiling sys.c...
compiling comm.c...
compiling printer.c...
compiling reader.c...
compiling storage.c...
compiling rtc.c...
compiling channel.c...
compiling motor.c...
compiling console.c...
linking...
Program Size: Code=7140 RO-data=388 RW-data=40 ZI-data=992  
FromELF: creating hex file...
"bloodsediment.axf" - 0 Error(s), 0 Warning(s).
Build target 'Target 1'
assembling STM32F10x.s...
compiling main.c...
compiling delay.c...
compiling key.c...
compiling led.c...
compiling sys.c...
compiling comm.c...
compiling printer.c...
compiling reader.c...
compiling storage.c...
compiling rtc.c...
compiling channel.c...
compiling motor.c...
compiling console.c...
linking...
Program Size: Code=7500 RO-data=388 RW-data=80 ZI-data=1232  
FromELF: creating hex file...
"bloodsediment.axf" - 0 Error(s), 0 Warning(s).
Clean started: Project: 'bloodsediment'
   deleting intermediate output files for target 'Target 1'
